Filesystem      Size  Used Avail Use% Mounted on
overlay         124G   29G   95G  24% /
tmpfs            64M     0   64M   0% /dev
/dev/root       124G   29G   95G  24% /etc/hosts
shm              64M     0   64M   0% /dev/shm
tmpfs           2.0G   12K  2.0G   1% /run/secrets/kubernetes.io/serviceaccount
tmpfs           3.9G     0  3.9G   0% /proc/acpi
tmpfs           3.9G     0  3.9G   0% /proc/scsi
tmpfs           3.9G     0  3.9G   0% /sys/firmware

root
